<?xml version="1.0" encoding="utf-8"?><testsuites><testsuite name="pytest" errors="0" failures="0" skipped="0" tests="3" time="0.111" timestamp="2026-02-26T15:11:37.962555+08:00" hostname="DESKTOP-TCNUAOP"><testcase classname="tests.test_command_injection" name="test_command_injection_prevention" time="0.019" /><testcase classname="tests.test_secret_exposure" name="test_no_hardcoded_secrets" time="0.002" /><testcase classname="tests.test_sql_injection" name="test_sql_injection_prevention" time="0.011" /></testsuite></testsuites>